
LINEAR search 1/3 params={'fit_intercept': True, 'positive': False}
Running cross-validation (MAE)...
CV MAE: mean=39639.52, std=872.16
MAE=40231.97, RMSE=66593.93, R2=0.674, RMSLE=0.285
Sample predictions vs actual:
 actual_price  predicted_price  abs_error
     105000.0        107821.56    2821.56
      62900.0         80997.30   18097.30
     190250.0        122214.67   68035.33
      76033.0         88163.11   12130.11
     145000.0        106259.50   38740.50
      92500.0         98521.16    6021.16
      74900.0         67558.50    7341.50
     140900.0        113250.83   27649.17
     339999.0        253069.88   86929.12
     156500.0        124387.61   32112.39

LINEAR search 2/3 params={'fit_intercept': False, 'positive': False}
Running cross-validation (MAE)...
CV MAE: mean=39639.52, std=872.16
MAE=40231.97, RMSE=66593.93, R2=0.674, RMSLE=0.285
Sample predictions vs actual:
 actual_price  predicted_price  abs_error
     105000.0        107821.56    2821.56
      62900.0         80997.30   18097.30
     190250.0        122214.67   68035.33
      76033.0         88163.11   12130.11
     145000.0        106259.50   38740.50
      92500.0         98521.16    6021.16
      74900.0         67558.50    7341.50
     140900.0        113250.83   27649.17
     339999.0        253069.88   86929.12
     156500.0        124387.61   32112.39

LINEAR search 3/3 params={'fit_intercept': True, 'positive': True}
Running cross-validation (MAE)...
CV MAE: mean=42757.87, std=1268.36
MAE=44189.02, RMSE=72661.58, R2=0.612, RMSLE=0.309
Sample predictions vs actual:
 actual_price  predicted_price  abs_error
     105000.0        108890.98    3890.98
      62900.0         79407.11   16507.11
     190250.0        122678.47   67571.53
      76033.0        101722.54   25689.54
     145000.0        116361.45   28638.55
      92500.0         97799.28    5299.28
      74900.0         82034.12    7134.12
     140900.0        100225.40   40674.60
     339999.0        226184.81  113814.19
     156500.0        122110.54   34389.46

Search summary (sorted by MAE):
MAE=40231.97, RMSE=66593.93, R2=0.674, RMSLE=0.285 | params={'fit_intercept': True, 'positive': False}
MAE=40231.97, RMSE=66593.93, R2=0.674, RMSLE=0.285 | params={'fit_intercept': False, 'positive': False}
MAE=44189.02, RMSE=72661.58, R2=0.612, RMSLE=0.309 | params={'fit_intercept': True, 'positive': True}

Total time: 1.3s
