
RIDGE search 1/9 params={'alpha': 0.01}
Running cross-validation (MAE)...
CV MAE: mean=39639.52, std=872.17
MAE=40231.97, RMSE=66593.95, R2=0.674, RMSLE=0.285
Sample predictions vs actual:
 actual_price  predicted_price  abs_error
     105000.0        107821.56    2821.56
      62900.0         80997.30   18097.30
     190250.0        122214.66   68035.34
      76033.0         88163.13   12130.13
     145000.0        106259.54   38740.46
      92500.0         98521.16    6021.16
      74900.0         67558.51    7341.49
     140900.0        113250.85   27649.15
     339999.0        253069.74   86929.26
     156500.0        124387.63   32112.37

RIDGE search 2/9 params={'alpha': 0.1}
Running cross-validation (MAE)...
CV MAE: mean=39639.49, std=872.19
MAE=40231.98, RMSE=66594.18, R2=0.674, RMSLE=0.285
Sample predictions vs actual:
 actual_price  predicted_price  abs_error
     105000.0        107821.50    2821.50
      62900.0         80997.30   18097.30
     190250.0        122214.63   68035.37
      76033.0         88163.36   12130.36
     145000.0        106259.88   38740.12
      92500.0         98521.20    6021.20
      74900.0         67558.59    7341.41
     140900.0        113250.96   27649.04
     339999.0        253068.48   86930.52
     156500.0        124387.79   32112.21

RIDGE search 3/9 params={'alpha': 0.5}
Running cross-validation (MAE)...
CV MAE: mean=39639.41, std=872.32
MAE=40232.11, RMSE=66595.12, R2=0.674, RMSLE=0.285
Sample predictions vs actual:
 actual_price  predicted_price  abs_error
     105000.0        107821.31    2821.31
      62900.0         80997.22   18097.22
     190250.0        122214.58   68035.42
      76033.0         88164.42   12131.42
     145000.0        106260.97   38739.03
      92500.0         98521.33    6021.33
      74900.0         67558.96    7341.04
     140900.0        113251.38   27648.62
     339999.0        253063.06   86935.94
     156500.0        124388.57   32111.43

RIDGE search 4/9 params={'alpha': 1.0}
Running cross-validation (MAE)...
CV MAE: mean=39639.32, std=872.47
MAE=40232.34, RMSE=66596.20, R2=0.674, RMSLE=0.285
Sample predictions vs actual:
 actual_price  predicted_price  abs_error
     105000.0        107821.15    2821.15
      62900.0         80996.99   18096.99
     190250.0        122214.65   68035.35
      76033.0         88165.78   12132.78
     145000.0        106261.77   38738.23
      92500.0         98521.48    6021.48
      74900.0         67559.44    7340.56
     140900.0        113251.79   27648.21
     339999.0        253056.48   86942.52
     156500.0        124389.64   32110.36

RIDGE search 5/9 params={'alpha': 2.0}
Running cross-validation (MAE)...
CV MAE: mean=39639.16, std=872.76
MAE=40232.86, RMSE=66598.19, R2=0.674, RMSLE=0.285
Sample predictions vs actual:
 actual_price  predicted_price  abs_error
     105000.0        107820.95    2820.95
      62900.0         80996.34   18096.34
     190250.0        122214.95   68035.05
      76033.0         88168.55   12135.55
     145000.0        106262.66   38737.34
      92500.0         98521.77    6021.77
      74900.0         67560.41    7339.59
     140900.0        113252.48   27647.52
     339999.0        253043.55   86955.45
     156500.0        124391.89   32108.11

RIDGE search 6/9 params={'alpha': 5.0}
Running cross-validation (MAE)...
CV MAE: mean=39638.73, std=873.52
MAE=40234.35, RMSE=66603.31, R2=0.674, RMSLE=0.285
Sample predictions vs actual:
 actual_price  predicted_price  abs_error
     105000.0        107820.59    2820.59
      62900.0         80993.86   18093.86
     190250.0        122216.20   68033.80
      76033.0         88176.98   12143.98
     145000.0        106263.98   38736.02
      92500.0         98522.52    6022.52
      74900.0         67563.32    7336.68
     140900.0        113254.20   27645.80
     339999.0        253005.21   86993.79
     156500.0        124398.99   32101.01

RIDGE search 7/9 params={'alpha': 10.0}
Running cross-validation (MAE)...
CV MAE: mean=39638.01, std=874.46
MAE=40236.27, RMSE=66610.00, R2=0.674, RMSLE=0.285
Sample predictions vs actual:
 actual_price  predicted_price  abs_error
     105000.0        107820.12    2820.12
      62900.0         80989.15   18089.15
     190250.0        122218.53   68031.47
      76033.0         88191.18   12158.18
     145000.0        106265.80   38734.20
      92500.0         98523.62    6023.62
      74900.0         67568.18    7331.82
     140900.0        113256.80   27643.20
     339999.0        252941.56   87057.44
     156500.0        124411.24   32088.76

RIDGE search 8/9 params={'alpha': 20.0}
Running cross-validation (MAE)...
CV MAE: mean=39636.60, std=875.45
MAE=40238.67, RMSE=66619.32, R2=0.674, RMSLE=0.285
Sample predictions vs actual:
 actual_price  predicted_price  abs_error
     105000.0        107819.32    2819.32
      62900.0         80979.50   18079.50
     190250.0        122223.42   68026.58
      76033.0         88220.00   12187.00
     145000.0        106270.51   38729.49
      92500.0         98525.84    6025.84
      74900.0         67577.93    7322.07
     140900.0        113261.81   27638.19
     339999.0        252814.87   87184.13
     156500.0        124436.43   32063.57

RIDGE search 9/9 params={'alpha': 50.0}
Running cross-validation (MAE)...
CV MAE: mean=39631.05, std=878.14
MAE=40241.79, RMSE=66634.58, R2=0.674, RMSLE=0.285
Sample predictions vs actual:
 actual_price  predicted_price  abs_error
     105000.0        107817.87    2817.87
      62900.0         80956.03   18056.03
     190250.0        122239.06   68010.94
      76033.0         88309.17   12276.17
     145000.0        106292.14   38707.86
      92500.0         98535.66    6035.66
      74900.0         67608.09    7291.91
     140900.0        113277.61   27622.39
     339999.0        252441.54   87557.46
     156500.0        124513.83   31986.17

Search summary (sorted by MAE):
MAE=40231.97, RMSE=66593.95, R2=0.674, RMSLE=0.285 | params={'alpha': 0.01}
MAE=40231.98, RMSE=66594.18, R2=0.674, RMSLE=0.285 | params={'alpha': 0.1}
MAE=40232.11, RMSE=66595.12, R2=0.674, RMSLE=0.285 | params={'alpha': 0.5}
MAE=40232.34, RMSE=66596.20, R2=0.674, RMSLE=0.285 | params={'alpha': 1.0}
MAE=40232.86, RMSE=66598.19, R2=0.674, RMSLE=0.285 | params={'alpha': 2.0}
MAE=40234.35, RMSE=66603.31, R2=0.674, RMSLE=0.285 | params={'alpha': 5.0}
MAE=40236.27, RMSE=66610.00, R2=0.674, RMSLE=0.285 | params={'alpha': 10.0}
MAE=40238.67, RMSE=66619.32, R2=0.674, RMSLE=0.285 | params={'alpha': 20.0}
MAE=40241.79, RMSE=66634.58, R2=0.674, RMSLE=0.285 | params={'alpha': 50.0}

Total time: 1.6s
