=== Environment ===
Timestamp: 2026-05-30T17:22:46
Platform: Linux-6.6.114.1-microsoft-standard-WSL2-x86_64-with-glibc2.43
Python: 3.14.4 (main, Apr  8 2026, 04:02:31) [GCC 15.2.0]
CPU count: 16
Memory: {'rss_bytes': 195043328}
Data file: /home/tudor/Others/Big-Data-2026/Datasets/dataset.csv
Rows: 16221, Features: 12
Best params: {'alpha': 0.0001, 'hidden_layer_sizes': (128, 64), 'learning_rate_init': 0.1}
Best CV MAE: 30091.86

LASSO best params={'alpha': 0.0001, 'hidden_layer_sizes': (128, 64), 'learning_rate_init': 0.1}
Running cross-validation (MAE)...
CV MAE: mean=30091.86, std=1946.73
MAE=28941.04, RMSE=49144.62, R2=0.822, RMSLE=0.210
Sample predictions vs actual:
 actual_price  predicted_price  abs_error
       105000        110249.96    5249.96
        62900         55727.74    7172.26
       190250        130177.76   60072.24
        76033         90362.24   14329.24
       145000        105684.50   39315.50
        92500         98618.15    6118.15
        74900         68661.02    6238.98
       140900        112957.61   27942.39
       339999        354723.75   14724.75
       156500        141284.52   15215.48
Elapsed seconds: 25.85
Average RSS bytes: 207856435
Memory: {'rss_bytes': 218583040}