=== Environment ===
Timestamp: 2026-05-30T17:13:26
Platform: Linux-6.6.114.1-microsoft-standard-WSL2-x86_64-with-glibc2.43
Python: 3.14.4 (main, Apr  8 2026, 04:02:31) [GCC 15.2.0]
CPU count: 16
Memory: {'rss_bytes': 195223552}
Data file: /home/tudor/Others/Big-Data-2026/Datasets/umap_dataset.csv
Rows: 16221, Features: 6
Best params: {'alpha': 0.0001, 'hidden_layer_sizes': (128, 64, 32), 'learning_rate_init': 0.0005}
Best CV MAE: 37083.19

UMAP best params={'alpha': 0.0001, 'hidden_layer_sizes': (128, 64, 32), 'learning_rate_init': 0.0005}
Running cross-validation (MAE)...
CV MAE: mean=37083.19, std=1538.96
MAE=39546.88, RMSE=66827.25, R2=0.672, RMSLE=0.294
Sample predictions vs actual:
 actual_price  predicted_price  abs_error
       105000        113489.99    8489.99
        62900        107291.45   44391.45
       190250        120326.55   69923.45
        76033         83780.15    7747.15
       145000        183237.92   38237.92
        92500        101450.24    8950.24
        74900        102993.04   28093.04
       140900        122457.54   18442.46
       339999        316744.76   23254.24
       156500        164375.63    7875.63
Elapsed seconds: 226.40
Average RSS bytes: 211314278
Memory: {'rss_bytes': 228634624}
